warning: unexpected `cfg` condition value: `custom-heap`
  --> programs/hush/src/lib.rs:17:1
   |
17 | #[program]
   | ^^^^^^^^^^
   |
   = note: expected values for `feature` are: `cpi`, `default`, `idl-build`, `no-entrypoint`, `no-idl`, and `no-log-ix-name`
   = note: using a cfg inside a macro will use the cfgs from the destination crate and not the ones from the defining crate
   = help: try referring to `$crate::custom_heap_default` crate for guidance on how handle this unexpected cfg
   = help: the macro `$crate::custom_heap_default` may come from an old version of the `solana_program_entrypoint` crate, try updating your dependency with `cargo update -p solana_program_entrypoint`
   = note: see <https://doc.rust-lang.org/nightly/rustc/check-cfg/cargo-specifics.html> for more information about checking conditional configuration
   = note: `#[warn(unexpected_cfgs)]` on by default
   = note: this warning originates in the macro `$crate::custom_heap_default` which comes from the expansion of the attribute macro `program` (in Nightly builds, run with -Z macro-backtrace for more info)

warning: unexpected `cfg` condition value: `custom-panic`
  --> programs/hush/src/lib.rs:17:1
   |
17 | #[program]
   | ^^^^^^^^^^
   |
   = note: expected values for `feature` are: `cpi`, `default`, `idl-build`, `no-entrypoint`, `no-idl`, and `no-log-ix-name`
   = note: using a cfg inside a macro will use the cfgs from the destination crate and not the ones from the defining crate
   = help: try referring to `$crate::custom_panic_default` crate for guidance on how handle this unexpected cfg
   = help: the macro `$crate::custom_panic_default` may come from an old version of the `solana_program_entrypoint` crate, try updating your dependency with `cargo update -p solana_program_entrypoint`
   = note: see <https://doc.rust-lang.org/nightly/rustc/check-cfg/cargo-specifics.html> for more information about checking conditional configuration
   = note: this warning originates in the macro `$crate::custom_panic_default` which comes from the expansion of the attribute macro `program` (in Nightly builds, run with -Z macro-backtrace for more info)

warning: unexpected `cfg` condition value: `anchor-debug`
 --> programs/hush/src/instructions/initialize_vault.rs:6:10
  |
6 | #[derive(Accounts)]
  |          ^^^^^^^^
  |
  = note: expected values for `feature` are: `cpi`, `default`, `idl-build`, `no-entrypoint`, `no-idl`, and `no-log-ix-name`
  = note: using a cfg inside a derive macro will use the cfgs from the destination crate and not the ones from the defining crate
  = help: try referring to `Accounts` crate for guidance on how handle this unexpected cfg
  = help: the derive macro `Accounts` may come from an old version of the `anchor_derive_accounts` crate, try updating your dependency with `cargo update -p anchor_derive_accounts`
  = note: see <https://doc.rust-lang.org/nightly/rustc/check-cfg/cargo-specifics.html> for more information about checking conditional configuration
  = note: this warning originates in the derive macro `Accounts` (in Nightly builds, run with -Z macro-backtrace for more info)

warning: unexpected `cfg` condition value: `anchor-debug`
  --> programs/hush/src/instructions/shield_deposit.rs:10:10
   |
10 | #[derive(Accounts)]
   |          ^^^^^^^^
   |
   = note: expected values for `feature` are: `cpi`, `default`, `idl-build`, `no-entrypoint`, `no-idl`, and `no-log-ix-name`
   = note: using a cfg inside a derive macro will use the cfgs from the destination crate and not the ones from the defining crate
   = help: try referring to `Accounts` crate for guidance on how handle this unexpected cfg
   = help: the derive macro `Accounts` may come from an old version of the `anchor_derive_accounts` crate, try updating your dependency with `cargo update -p anchor_derive_accounts`
   = note: see <https://doc.rust-lang.org/nightly/rustc/check-cfg/cargo-specifics.html> for more information about checking conditional configuration
   = note: this warning originates in the derive macro `Accounts` (in Nightly builds, run with -Z macro-backtrace for more info)

warning: unexpected `cfg` condition value: `anchor-debug`
 --> programs/hush/src/instructions/advise_grant.rs:6:10
  |
6 | #[derive(Accounts)]
  |          ^^^^^^^^
  |
  = note: expected values for `feature` are: `cpi`, `default`, `idl-build`, `no-entrypoint`, `no-idl`, and `no-log-ix-name`
  = note: using a cfg inside a derive macro will use the cfgs from the destination crate and not the ones from the defining crate
  = help: try referring to `Accounts` crate for guidance on how handle this unexpected cfg
  = help: the derive macro `Accounts` may come from an old version of the `anchor_derive_accounts` crate, try updating your dependency with `cargo update -p anchor_derive_accounts`
  = note: see <https://doc.rust-lang.org/nightly/rustc/check-cfg/cargo-specifics.html> for more information about checking conditional configuration
  = note: this warning originates in the derive macro `Accounts` (in Nightly builds, run with -Z macro-backtrace for more info)

warning: unexpected `cfg` condition value: `anchor-debug`
  --> programs/hush/src/instructions/settle_grant.rs:10:10
   |
10 | #[derive(Accounts)]
   |          ^^^^^^^^
   |
   = note: expected values for `feature` are: `cpi`, `default`, `idl-build`, `no-entrypoint`, `no-idl`, and `no-log-ix-name`
   = note: using a cfg inside a derive macro will use the cfgs from the destination crate and not the ones from the defining crate
   = help: try referring to `Accounts` crate for guidance on how handle this unexpected cfg
   = help: the derive macro `Accounts` may come from an old version of the `anchor_derive_accounts` crate, try updating your dependency with `cargo update -p anchor_derive_accounts`
   = note: see <https://doc.rust-lang.org/nightly/rustc/check-cfg/cargo-specifics.html> for more information about checking conditional configuration
   = note: this warning originates in the derive macro `Accounts` (in Nightly builds, run with -Z macro-backtrace for more info)

warning: unexpected `cfg` condition value: `anchor-debug`
 --> programs/hush/src/instructions/rebalance_yield.rs:6:10
  |
6 | #[derive(Accounts)]
  |          ^^^^^^^^
  |
  = note: expected values for `feature` are: `cpi`, `default`, `idl-build`, `no-entrypoint`, `no-idl`, and `no-log-ix-name`
  = note: using a cfg inside a derive macro will use the cfgs from the destination crate and not the ones from the defining crate
  = help: try referring to `Accounts` crate for guidance on how handle this unexpected cfg
  = help: the derive macro `Accounts` may come from an old version of the `anchor_derive_accounts` crate, try updating your dependency with `cargo update -p anchor_derive_accounts`
  = note: see <https://doc.rust-lang.org/nightly/rustc/check-cfg/cargo-specifics.html> for more information about checking conditional configuration
  = note: this warning originates in the derive macro `Accounts` (in Nightly builds, run with -Z macro-backtrace for more info)

warning: ambiguous glob re-exports
  --> programs/hush/src/instructions/mod.rs:7:9
   |
7  | pub use initialize_vault::*;
   |         ^^^^^^^^^^^^^^^^^^^ the name `handle` in the value namespace is first re-exported here
...
11 | pub use rebalance_yield::*;
   |         ------------------ but the name `handle` in the value namespace is also re-exported here
   |
   = note: `#[warn(ambiguous_glob_reexports)]` on by default

warning: unexpected `cfg` condition value: `anchor-debug`
  --> programs/hush/src/lib.rs:17:1
   |
17 | #[program]
   | ^^^^^^^^^^
   |
   = note: expected values for `feature` are: `cpi`, `default`, `idl-build`, `no-entrypoint`, `no-idl`, and `no-log-ix-name`
   = note: using a cfg inside a attribute macro will use the cfgs from the destination crate and not the ones from the defining crate
   = help: try referring to `program` crate for guidance on how handle this unexpected cfg
   = help: the attribute macro `program` may come from an old version of the `anchor_attribute_program` crate, try updating your dependency with `cargo update -p anchor_attribute_program`
   = note: see <https://doc.rust-lang.org/nightly/rustc/check-cfg/cargo-specifics.html> for more information about checking conditional configuration
   = note: this warning originates in the attribute macro `program` (in Nightly builds, run with -Z macro-backtrace for more info)

warning: `hush` (lib) generated 9 warnings
    Finished `release` profile [optimized] target(s) in 0.20s
    Finished `test` profile [unoptimized + debuginfo] target(s) in 0.12s
     Running unittests src/lib.rs (/home/kibi/web3projects/colosseum/hush-v1/target/debug/deps/hush-012727d5128ff341)

Found a 'test' script in the Anchor.toml. Running it as a test suite!

Running test suite: "/home/kibi/web3projects/colosseum/hush-v1/Anchor.toml"

Error: RPC response error -32601: Method not found; 

Caused by:
    RPC response error -32601: Method not found; 
